[2025-11-06 12:36:09] /data/logs/full_run_20251106_123609.log === Starting Full Maintenance Suite ===
[2025-11-06 12:36:09] /data/logs/full_run_20251106_123609.log Step 1: Update & Cleanup
[2025-11-06 12:36:09] Starting update & cleanup
[2025-11-06 12:36:09] Starting update & cleanup
Get:1 http://security.ubuntu.com/ubuntu jammy-security InRelease [129 kB]
Get:2 http://archive.ubuntu.com/ubuntu jammy InRelease [270 kB]
Get:3 http://archive.ubuntu.com/ubuntu jammy-updates InRelease [128 kB]
Get:4 http://security.ubuntu.com/ubuntu jammy-security/multiverse amd64 Packages [60.9 kB]
Get:5 http://archive.ubuntu.com/ubuntu jammy-backports InRelease [127 kB]
Get:6 http://security.ubuntu.com/ubuntu jammy-security/restricted amd64 Packages [5963 kB]
Get:7 http://archive.ubuntu.com/ubuntu jammy/main amd64 Packages [1792 kB]
Get:8 http://archive.ubuntu.com/ubuntu jammy/multiverse amd64 Packages [266 kB]
Get:9 http://archive.ubuntu.com/ubuntu jammy/universe amd64 Packages [17.5 MB]
Get:10 http://archive.ubuntu.com/ubuntu jammy/restricted amd64 Packages [164 kB]
Get:11 http://archive.ubuntu.com/ubuntu jammy-updates/multiverse amd64 Packages [69.2 kB]
Get:12 http://archive.ubuntu.com/ubuntu jammy-updates/main amd64 Packages [3855 kB]
Get:13 http://archive.ubuntu.com/ubuntu jammy-updates/universe amd64 Packages [1594 kB]
Get:14 http://archive.ubuntu.com/ubuntu jammy-updates/restricted amd64 Packages [6161 kB]
Get:15 http://archive.ubuntu.com/ubuntu jammy-backports/main amd64 Packages [83.9 kB]
Get:16 http://archive.ubuntu.com/ubuntu jammy-backports/universe amd64 Packages [35.2 kB]
